host soe003 exclusive; started 2026-08-07T16:05:42+02:00
test_10       995 pc2_cluster        0.16s  F1 0.146
test_10       995 pc2_motif          0.45s  F1 0.202
test_10       995 pc2_motif_k        0.18s  F1 0.244
test_10       995 mixmhcp            3.75s  F1 0.097
test_10       995 gibbscluster       7.01s wall (112 cpu-s)  F1 0.111
test_21      1284 pc2_cluster        0.22s  F1 0.127
test_21      1284 pc2_motif          0.70s  F1 0.261
test_21      1284 pc2_motif_k        0.25s  F1 0.306
test_21      1284 mixmhcp            4.32s  F1 0.102
test_21      1284 gibbscluster       9.26s wall (148 cpu-s)  F1 0.116
test_42      1739 pc2_cluster        0.41s  F1 0.116
test_42      1739 pc2_motif          0.78s  F1 0.536
test_42      1739 pc2_motif_k        0.40s  F1 0.666
test_42      1739 mixmhcp            6.02s  F1 0.293
test_42      1739 gibbscluster      13.25s wall (212 cpu-s)  F1 0.262
test_03      2252 pc2_cluster        0.54s  F1 0.119
test_03      2252 pc2_motif          0.81s  F1 0.458
test_03      2252 pc2_motif_k        0.62s  F1 0.577
test_03      2252 mixmhcp            7.87s  F1 0.256
test_03      2252 gibbscluster      19.40s wall (310 cpu-s)  F1 0.190
test_15      2984 pc2_cluster        0.89s  F1 0.096
test_15      2984 pc2_motif          1.55s  F1 0.637
test_15      2984 pc2_motif_k        0.85s  F1 0.639
test_15      2984 mixmhcp            8.54s  F1 0.275
test_15      2984 gibbscluster      28.72s wall (460 cpu-s)  F1 0.250
test_46      3972 pc2_cluster        1.28s  F1 0.099
test_46      3972 pc2_motif          1.85s  F1 0.423
test_46      3972 pc2_motif_k        1.37s  F1 0.504
test_46      3972 mixmhcp           15.08s  F1 0.239
test_46      3972 gibbscluster      44.96s wall (719 cpu-s)  F1 0.181
test_27      5270 pc2_cluster        2.87s  F1 0.117
test_27      5270 pc2_motif          3.56s  F1 0.882
test_27      5270 pc2_motif_k        3.01s  F1 0.882
test_27      5270 mixmhcp            7.79s  F1 0.800
test_27      5270 gibbscluster      62.73s wall (1004 cpu-s)  F1 0.495
test_28      6737 pc2_cluster        2.88s  F1 0.087
test_28      6737 pc2_motif          5.26s  F1 0.617
test_28      6737 pc2_motif_k        3.05s  F1 0.599
test_28      6737 mixmhcp           22.13s  F1 0.435
test_28      6737 gibbscluster     106.14s wall (1698 cpu-s)  F1 0.217
test_19     11656 pc2_cluster        9.79s  F1 0.085
test_19     11656 pc2_motif         12.38s  F1 0.659
test_19     11656 pc2_motif_k        9.95s  F1 0.716
test_19     11656 mixmhcp           22.69s  F1 0.521
test_19     11656 gibbscluster     266.35s wall (4262 cpu-s)  F1 0.240

wrote 45 rows to /user/a.hajialiasgarynaj01/u14286/cbscratch/amirasgary2/pepcluster2/validation/2026-08-06_0.6.0_motif_merge/results/speed_benchmark.csv
finished 2026-08-07T16:17:50+02:00
============ Job Information ===================================================
Submitted: 2026-08-07T16:05:28
Started: 2026-08-07T16:05:36
Ended: 2026-08-07T16:17:50
Elapsed: 13 min, Limit: 480 min, Difference: 467 min
CPUs: 256, Nodes: 1
Estimated credit Consumption: 27.73 core-hours
================================================================================
